2024-11-18 10:30:03,671 - INFO - 成功更新作者图片: 李白
2024-11-18 10:30:03,671 - INFO - 更新完成 - 成功: 1, 失败: 0
2024-11-18 13:19:16,082 - INFO - 成功更新作者图片: 李白
2024-11-18 13:19:19,093 - INFO - 更新完成 - 成功: 1, 失败: 0
2024-11-18 13:23:42,017 - INFO - 当前IP信息: {'ip': '139.28.232.93', 'city': 'San Jose', 'region': 'California', 'country': 'United States'}
2024-11-18 13:23:46,084 - INFO - 成功更新作者图片: 李白
2024-11-18 13:23:49,097 - INFO - 更新完成 - 成功: 1, 失败: 0
2024-11-18 13:25:42,194 - INFO - 当前IP信息: {'ip': '139.28.232.93', 'city': 'Unknown', 'region': 'Unknown', 'country': 'Unknown'}
2024-11-18 13:25:45,015 - INFO - 成功更新作者图片: 李白
2024-11-18 13:25:57,194 - INFO - 当前IP信息: {'ip': '139.28.232.93', 'city': 'Unknown', 'region': 'Unknown', 'country': 'Unknown'}
2024-11-18 13:26:01,176 - INFO - 成功更新作者图片: 李白
2024-11-18 13:26:07,209 - INFO - 成功更新作者图片: 白居易
2024-11-18 13:26:41,441 - INFO - 当前IP信息: {'ip': '139.28.232.93', 'city': 'San Jose', 'region': 'California', 'country': 'United States'}
2024-11-18 13:26:44,291 - INFO - 成功更新作者图片: 李白
2024-11-18 13:26:50,457 - INFO - 成功更新作者图片: 白居易
2024-11-18 13:26:56,907 - INFO - 成功更新作者图片: 杜甫
2024-11-18 13:27:02,716 - INFO - 成功更新作者图片: 王维
2024-11-18 13:27:08,774 - INFO - 成功更新作者图片: 李商隐
2024-11-18 13:27:15,539 - INFO - 成功更新作者图片: 刘禹锡
2024-11-18 13:27:21,905 - INFO - 成功更新作者图片: 杜牧
2024-11-18 13:27:28,622 - INFO - 成功更新作者图片: 韩愈
2024-11-18 13:27:34,438 - INFO - 成功更新作者图片: 柳宗元
2024-11-18 13:27:40,171 - INFO - 成功更新作者图片: 孟浩然
2024-11-18 13:27:46,952 - ERROR - 作者不存在: 李贺
2024-11-18 13:27:56,220 - INFO - 成功更新作者图片: 元稹
2024-11-18 13:28:02,503 - INFO - 成功更新作者图片: 王勃
2024-11-18 13:28:08,386 - INFO - 成功更新作者图片: 温庭筠
2024-11-18 13:28:15,486 - INFO - 成功更新作者图片: 王昌龄
2024-11-18 13:28:22,319 - INFO - 成功更新作者图片: 岑参
2024-11-18 13:28:28,753 - INFO - 成功更新作者图片: 韦应物
2024-11-18 13:28:34,684 - INFO - 成功更新作者图片: 贾岛
2024-11-18 13:28:40,601 - INFO - 成功更新作者图片: 刘长卿
2024-11-18 13:28:46,467 - INFO - 成功更新作者图片: 韦庄
2024-11-18 13:28:51,984 - INFO - 成功更新作者图片: 孟郊
2024-11-18 13:28:58,551 - ERROR - 作者不存在: 方干
2024-11-18 13:29:05,333 - INFO - 成功更新作者图片: 高适
2024-11-18 13:29:11,200 - ERROR - 作者不存在: 罗隐
2024-11-18 13:29:17,749 - INFO - 成功更新作者图片: 张九龄
2024-11-18 13:29:25,432 - INFO - 成功更新作者图片: 陈子昂
2024-11-18 13:29:32,476 - ERROR - 作者不存在: 张若虚
2024-11-18 13:29:39,048 - INFO - 成功更新作者图片: 张籍
2024-11-18 13:29:44,397 - ERROR - 作者不存在: 齐己
2024-11-18 13:29:49,980 - INFO - 成功更新作者图片: 许浑
2024-11-18 13:29:55,480 - INFO - 成功更新作者图片: 王建
2024-11-18 13:30:01,680 - ERROR - 作者不存在: 鱼玄机
2024-11-18 13:30:08,063 - INFO - 成功更新作者图片: 王之涣
2024-11-18 13:30:13,749 - INFO - 成功更新作者图片: 骆宾王
2024-11-18 13:30:20,412 - INFO - 成功更新作者图片: 贺知章
2024-11-18 13:30:26,829 - INFO - 成功更新作者图片: 皎然
2024-11-18 13:30:33,347 - INFO - 成功更新作者图片: 张祜
2024-11-18 13:30:39,161 - ERROR - 作者不存在: 贯休
2024-11-18 13:30:45,211 - ERROR - 作者不存在: 陆龟蒙
2024-11-18 13:30:50,868 - INFO - 成功更新作者图片: 杜荀鹤
2024-11-18 13:30:56,594 - INFO - 成功更新作者图片: 卢纶
2024-11-18 13:31:03,327 - INFO - 成功更新作者图片: 崔颢
2024-11-18 13:31:09,442 - INFO - 成功更新作者图片: 韩偓
2024-11-18 13:31:16,093 - ERROR - 作者不存在: 李峤
2024-11-18 13:31:24,625 - INFO - 成功更新作者图片: 钱起
2024-11-18 13:31:31,593 - ERROR - 作者不存在: 姚合
2024-11-18 13:31:37,445 - ERROR - 作者不存在: 皮日休
2024-11-18 13:31:43,508 - ERROR - 作者不存在: 卢照邻
2024-11-18 13:31:50,757 - INFO - 成功更新作者图片: 戴叔伦
2024-11-18 13:31:57,407 - INFO - 成功更新作者图片: 李益
2024-11-18 13:32:05,407 - INFO - 成功更新作者图片: 宋之问
2024-11-18 13:32:11,422 - ERROR - 作者不存在: 李世民
2024-11-18 13:32:19,124 - ERROR - 作者不存在: 赵嘏
2024-11-18 13:32:26,122 - ERROR - 作者不存在: 郑谷
2024-11-18 13:32:31,558 - ERROR - 作者不存在: 司空图
2024-11-18 13:32:38,571 - INFO - 成功更新作者图片: 韩翃
2024-11-18 13:32:44,188 - ERROR - 作者不存在: 薛涛
2024-11-18 13:32:49,324 - INFO - 成功更新作者图片: 权德舆
2024-11-18 13:32:56,687 - ERROR - 作者不存在: 皇甫冉
2024-11-18 13:33:03,417 - ERROR - 作者不存在: 李绅
2024-11-18 13:33:11,253 - ERROR - 作者不存在: 吕岩
2024-11-18 13:33:17,819 - ERROR - 作者不存在: 张说
2024-11-18 13:33:24,236 - ERROR - 作者不存在: 杨炯
2024-11-18 13:33:30,935 - ERROR - 作者不存在: 王翰
2024-11-18 13:33:37,985 - ERROR - 作者不存在: 黄巢
2024-11-18 13:33:44,851 - ERROR - 作者不存在: 顾况
2024-11-18 13:33:51,267 - ERROR - 作者不存在: 王绩
2024-11-18 13:33:58,800 - INFO - 成功更新作者图片: 李端
2024-11-18 13:34:04,700 - INFO - 成功更新作者图片: 张继
2024-11-18 13:34:12,450 - ERROR - 作者不存在: 吴融
2024-11-18 13:34:18,733 - INFO - 成功更新作者图片: 马戴
2024-11-18 13:34:24,749 - INFO - 成功更新作者图片: 司空曙
2024-11-18 13:34:31,965 - INFO - 成功更新作者图片: 常建
2024-11-18 13:34:39,748 - INFO - 成功更新作者图片: 李颀
2024-11-18 13:34:46,564 - INFO - 成功更新作者图片: 王湾
2024-11-18 13:34:52,964 - ERROR - 作者不存在: 崔护
2024-11-18 13:35:00,506 - ERROR - 作者不存在: 颜真卿
2024-11-18 13:35:07,364 - ERROR - 作者不存在: 戎昱
2024-11-18 13:35:14,646 - INFO - 成功更新作者图片: 张乔
2024-11-18 13:35:20,679 - INFO - 成功更新作者图片: 沈佺期
2024-11-18 13:35:28,362 - ERROR - 作者不存在: 魏征
2024-11-18 13:35:42,244 - ERROR - 作者不存在: 虞世南
2024-11-18 13:35:48,911 - ERROR - 作者不存在: 武则天
2024-11-18 13:35:55,244 - INFO - 成功更新作者图片: 朱庆馀
2024-11-18 13:36:02,194 - ERROR - 作者不存在: 储光羲
2024-11-18 13:36:08,961 - ERROR - 作者不存在: 施肩吾
2024-11-18 13:36:18,326 - ERROR - 作者不存在: 张志和
2024-11-18 13:36:24,459 - INFO - 成功更新作者图片: 刘方平
2024-11-18 13:36:31,392 - ERROR - 作者不存在: 刘希夷
2024-11-18 13:36:37,993 - ERROR - 作者不存在: 曹松
2024-11-18 13:36:44,641 - ERROR - 作者不存在: 杨巨源
2024-11-18 13:36:49,941 - INFO - 成功更新作者图片: 元结
2024-11-18 13:36:56,707 - INFO - 成功更新作者图片: 杜审言
2024-11-18 13:37:02,939 - ERROR - 作者不存在: 李涉
2024-11-18 13:37:08,857 - ERROR - 作者不存在: 李冶
2024-11-18 13:37:14,841 - INFO - 成功更新作者图片: 陈陶
2024-11-18 13:37:22,973 - ERROR - 作者不存在: 寒山
2024-11-18 13:37:29,489 - ERROR - 作者不存在: 李洞
2024-11-18 13:37:35,588 - ERROR - 作者不存在: 李德裕
2024-11-18 13:37:42,588 - INFO - 成功更新作者图片: 祖咏
2024-11-18 13:37:49,541 - INFO - 成功更新作者图片: 崔涂
2024-11-18 13:37:55,837 - ERROR - 作者不存在: 崔道融
2024-11-18 13:38:02,154 - ERROR - 作者不存在: 高骈
2024-11-18 13:38:09,703 - ERROR - 作者不存在: 雍陶
2024-11-18 13:38:16,786 - INFO - 成功更新作者图片: 李隆基
2024-11-18 13:38:22,856 - ERROR - 作者不存在: 李嘉祐
2024-11-18 13:38:28,719 - ERROR - 作者不存在: 上官婉儿
2024-11-18 13:38:34,469 - INFO - 成功更新作者图片: 张旭
2024-11-18 13:38:40,556 - ERROR - 作者不存在: 王贞白
2024-11-18 13:38:49,120 - ERROR - 作者不存在: 高蟾
2024-11-18 13:38:56,767 - ERROR - 作者不存在: 曹邺
2024-11-18 13:39:02,725 - ERROR - 作者不存在: 胡令能
2024-11-18 13:39:08,800 - ERROR - 作者不存在: 欧阳炯
2024-11-18 13:39:14,033 - INFO - 成功更新作者图片: 薛逢
2024-11-18 13:39:19,599 - INFO - 成功更新作者图片: 张泌
2024-11-18 13:39:26,132 - ERROR - 作者不存在: 杜秋娘
2024-11-18 13:39:31,915 - ERROR - 作者不存在: 张蠙
2024-11-18 13:39:38,499 - ERROR - 作者不存在: 刘商
2024-11-18 13:39:44,747 - ERROR - 作者不存在: 令狐楚
2024-11-18 13:39:52,114 - ERROR - 作者不存在: 张谓
2024-11-18 13:39:57,564 - INFO - 成功更新作者图片: 裴迪
2024-11-18 13:40:03,847 - ERROR - 作者不存在: 殷尧藩
2024-11-18 13:40:09,747 - ERROR - 作者不存在: 羊士谔
2024-11-18 13:40:15,513 - ERROR - 作者不存在: 郎士元
2024-11-18 13:40:22,965 - ERROR - 作者不存在: 李华
2024-11-18 13:40:29,196 - ERROR - 作者不存在: 苏味道
2024-11-18 13:40:37,245 - ERROR - 作者不存在: 刘叉
2024-11-18 13:40:44,361 - ERROR - 作者不存在: 赵蕤
2024-11-18 13:40:49,791 - INFO - 成功更新作者图片: 秦韬玉
2024-11-18 13:40:55,661 - ERROR - 作者不存在: 聂夷中
2024-11-18 13:41:01,627 - ERROR - 作者不存在: 汪遵
2024-11-18 13:41:07,394 - ERROR - 作者不存在: 贾至
2024-11-18 13:41:13,993 - ERROR - 作者不存在: 杨玉环
2024-11-18 13:41:21,043 - ERROR - 作者不存在: 孙思邈
2024-11-18 13:41:27,359 - ERROR - 作者不存在: 上官仪
2024-11-18 13:41:34,159 - ERROR - 作者不存在: 张仲素
2024-11-18 13:41:39,825 - INFO - 成功更新作者图片: 綦毋潜
2024-11-18 13:41:47,408 - ERROR - 作者不存在: 严维
2024-11-18 13:41:55,224 - ERROR - 作者不存在: 徐凝
2024-11-18 13:42:01,008 - ERROR - 作者不存在: 牛峤
2024-11-18 13:42:07,674 - ERROR - 作者不存在: 李泌
2024-11-18 13:42:14,273 - ERROR - 作者不存在: 皇甫松
2024-11-18 13:42:20,240 - ERROR - 作者不存在: 卢仝
2024-11-18 13:42:28,173 - ERROR - 作者不存在: 林杰
2024-11-18 13:42:34,972 - ERROR - 作者不存在: 江采萍
2024-11-18 13:42:41,672 - ERROR - 作者不存在: 于武陵
2024-11-18 13:42:47,804 - INFO - 成功更新作者图片: 刘昚虚
2024-11-18 13:42:54,356 - ERROR - 作者不存在: 陈羽
2024-11-18 13:43:00,521 - ERROR - 作者不存在: 崔郊
2024-11-18 13:43:06,754 - ERROR - 作者不存在: 王梵志
2024-11-18 13:43:12,838 - ERROR - 作者不存在: 刘采春
2024-11-18 13:43:19,520 - INFO - 成功更新作者图片: 柳中庸
2024-11-18 13:43:26,586 - ERROR - 作者不存在: 陆羽
2024-11-18 13:43:31,925 - ERROR - 作者不存在: 王驾
2024-11-18 13:43:38,069 - ERROR - 作者不存在: 黄公绍
2024-11-18 13:43:44,126 - ERROR - 作者不存在: 徐彦伯
2024-11-18 13:43:50,219 - ERROR - 作者不存在: 李忱
2024-11-18 13:43:58,252 - ERROR - 作者不存在: 章碣
2024-11-18 13:44:04,233 - ERROR - 作者不存在: 王涯
2024-11-18 13:44:10,200 - ERROR - 作者不存在: 薛昭蕴
2024-11-18 13:44:15,823 - INFO - 成功更新作者图片: 金昌绪
2024-11-18 13:44:22,466 - ERROR - 作者不存在: 李百药
2024-11-18 13:44:29,650 - ERROR - 作者不存在: 李群玉
2024-11-18 13:44:35,918 - ERROR - 作者不存在: 徐惠
2024-11-18 13:44:43,262 - ERROR - 作者不存在: 窦巩
2024-11-18 13:44:50,089 - ERROR - 作者不存在: 雍裕之
2024-11-18 13:44:55,477 - ERROR - 作者不存在: 崔珏
2024-11-18 13:45:02,660 - ERROR - 作者不存在: 孟云卿
2024-11-18 13:45:09,581 - ERROR - 作者不存在: 卢肇
2024-11-18 13:45:15,785 - INFO - 成功更新作者图片: 丘为
2024-11-18 13:45:23,064 - ERROR - 作者不存在: 李存勖
2024-11-18 13:45:28,897 - ERROR - 作者不存在: 司马扎
2024-11-18 13:45:34,595 - INFO - 成功更新作者图片: 西鄙人
2024-11-18 13:45:40,495 - ERROR - 作者不存在: 黄櫱禅师
2024-11-18 13:45:46,394 - ERROR - 作者不存在: 长屋
2024-11-18 13:45:53,195 - ERROR - 作者不存在: 邵谒
2024-11-18 13:45:59,711 - ERROR - 作者不存在: 武元衡
2024-11-18 13:46:06,377 - ERROR - 作者不存在: 于良史
2024-11-18 13:46:12,994 - INFO - 成功更新作者图片: 郑畋
2024-11-18 13:46:20,160 - ERROR - 作者不存在: 郑遨
2024-11-18 13:46:27,294 - INFO - 成功更新作者图片: 崔曙
2024-11-18 13:46:33,393 - ERROR - 作者不存在: 白行简
2024-11-18 13:46:39,276 - ERROR - 作者不存在: 郑愔
2024-11-18 13:46:45,692 - ERROR - 作者不存在: 湘驿女子
2024-11-18 13:46:52,808 - ERROR - 作者不存在: 狄仁杰
2024-11-18 13:47:00,274 - ERROR - 作者不存在: 上官昭容
2024-11-18 13:47:07,024 - ERROR - 作者不存在: 来鹄
2024-11-18 13:47:19,166 - ERROR - 作者不存在: 严武
2024-11-18 13:47:27,573 - ERROR - 作者不存在: 徐夤
2024-11-18 13:47:34,839 - ERROR - 作者不存在: 赵彦昭
2024-11-18 13:47:41,772 - ERROR - 作者不存在: 周朴
2024-11-18 13:47:47,588 - ERROR - 作者不存在: 郭震
2024-11-18 13:47:53,955 - ERROR - 作者不存在: 钱珝
2024-11-18 13:48:01,404 - ERROR - 作者不存在: 沈如筠
2024-11-18 13:48:08,887 - ERROR - 作者不存在: 段成式
2024-11-18 13:48:15,220 - ERROR - 作者不存在: 李季兰
2024-11-18 13:48:22,570 - ERROR - 作者不存在: 崔液
2024-11-18 13:48:31,912 - ERROR - 作者不存在: 裴度
2024-11-18 13:48:39,202 - ERROR - 作者不存在: 包融
2024-11-18 13:48:45,536 - ERROR - 作者不存在: 苏颋
2024-11-18 13:48:48,542 - INFO - 更新完成 - 成功: 71, 失败: 129
2024-11-18 14:08:37,853 - ERROR - 获取IP信息失败: HTTPSConnectionPool(host='api.ipify.org', port=443): Max retries exceeded with url: /?format=json (Caused by NewConnectionError('<urllib3.connection.HTTPSConnection object at 0x0000018FBBCFD790>: Failed to establish a new connection: [WinError 10061] 由于目标计算机积极拒绝，无法连接。'))
2024-11-18 14:08:37,853 - INFO - 更新完成 - 成功: 0, 失败: 0
2024-11-18 14:08:50,469 - ERROR - 获取IP信息失败: HTTPSConnectionPool(host='api.ipify.org', port=443): Max retries exceeded with url: /?format=json (Caused by NewConnectionError('<urllib3.connection.HTTPSConnection object at 0x00000244D5EEDC90>: Failed to establish a new connection: [WinError 10061] 由于目标计算机积极拒绝，无法连接。'))
2024-11-18 14:08:50,469 - INFO - 更新完成 - 成功: 0, 失败: 0
2024-11-18 14:09:20,080 - ERROR - 获取IP信息失败: HTTPSConnectionPool(host='api.ipify.org', port=443): Max retries exceeded with url: /?format=json (Caused by NewConnectionError('<urllib3.connection.HTTPSConnection object at 0x0000020BCE54DC90>: Failed to establish a new connection: [WinError 10061] 由于目标计算机积极拒绝，无法连接。'))
2024-11-18 14:09:20,086 - INFO - 更新完成 - 成功: 0, 失败: 0
2024-11-18 14:09:39,967 - ERROR - 获取IP信息失败: HTTPSConnectionPool(host='api.ipify.org', port=443): Max retries exceeded with url: /?format=json (Caused by NewConnectionError('<urllib3.connection.HTTPSConnection object at 0x0000014290A5DAD0>: Failed to establish a new connection: [WinError 10061] 由于目标计算机积极拒绝，无法连接。'))
2024-11-18 14:09:39,967 - INFO - 更新完成 - 成功: 0, 失败: 0
2024-11-18 14:09:46,600 - ERROR - 获取IP信息失败: HTTPSConnectionPool(host='api.ipify.org', port=443): Max retries exceeded with url: /?format=json (Caused by NewConnectionError('<urllib3.connection.HTTPSConnection object at 0x000001AEC252D7D0>: Failed to establish a new connection: [WinError 10061] 由于目标计算机积极拒绝，无法连接。'))
2024-11-18 14:09:46,600 - INFO - 更新完成 - 成功: 0, 失败: 0
2024-11-18 14:10:02,081 - ERROR - 获取IP信息失败: HTTPSConnectionPool(host='api.ipify.org', port=443): Max retries exceeded with url: /?format=json (Caused by NewConnectionError('<urllib3.connection.HTTPSConnection object at 0x000001ED19880B90>: Failed to establish a new connection: [WinError 10061] 由于目标计算机积极拒绝，无法连接。'))
2024-11-18 14:10:02,082 - INFO - 更新完成 - 成功: 0, 失败: 0
